Node: node003
Experiment ID: 221200.0
Experiment Version: 10.0
Tree Node Key: task-eyrj
Participant Public ID: BLINDED
Room Order: 0.0
Task Name: STORIES
Task Version: 7.0
branch-ty4v: Consent
branch-um27: Passed Comprehension Questions
Manipulation: Spreadsheet: Speadsheet
Current Spreadsheet: Speadsheet
Response Duration: 0.0
Proportion: 0.0
Tag: button
Spreadsheet: O_Q_R4: d) None of the previous.
Spreadsheet: CD_Q_R4: d) None of the previous.
Spreadsheet: RD_Q_R4: d) None of the previous.
Stimulus words: (5969, 6)

K-label counts:
Word_Condition
Original     1989
CD           1581
RD           1401
K             136
K-1           133
K-2           129
K+1           124
K-3           120
K+2           116
K+3           107
K_END          91
K+2|K_END      10
K+1|K_END       9
K+3|K_END       9
K|K_END         4
K-3|K-1         2
K-2|K           2
K-1|K+1         2
K|K+2           2
K+1|K+3         2

K position distances by condition (before first K / after final K):
Story_Version  N_Spans  Mean_Words_Before_K  Median_Words_Before_K  SD_Words_Before_K  Min_Words_Before_K  Max_Words_Before_K  Mean_Words_After_K  Median_Words_After_K  SD_Words_After_K  Min_Words_After_K  Max_Words_After_K
           CD       55                14.09                   11.0               8.50                   2                  40                8.40                   6.0              7.59                  1                 37
           RD       86                 9.70                    8.0               8.45                   0                  44               10.84                  10.0              8.38                  0                 40

Stimulus sentences requiring SequenceMatcher fallback: 2
 Story Story_Version  SentenceIndex  Original_N  Version_N  Alignment_Method Changed_Spans
Story4            CD              2          27         28 sequence_fallback         22-23
Story5            CD              3          20         21 sequence_fallback           7-8

Raw shape: (398940, 70)
Participants: 99
Sessions: 99
count    99.000000
mean      0.929774
std       0.078848
min       0.619048
25%       0.904762
50%       0.952381
75%       1.000000
max       1.000000
dtype: float64

Observed word events: 190626

Alignment status:
Status
exact          1872
gap_aligned     100
Name: count, dtype: int64

Excluded trials:
Reason
too_many_missing_words       40
extra_or_duplicate_events     6
ambiguous_gap_alignment       1
Name: count, dtype: int64

Missing template words: 151
Missing critical-region words: 19

Missing words per trial:
1    62
2    25
3    13

Word-count summary:
  Story Story_Version  min_words  median_words  max_words  n_participants
 Story1      Original        103         103.0        103              35
 Story1            CD        100         103.0        103              28
 Story1            RD        103         103.0        103              29
 Story2      Original        100         101.0        101              21
 Story2            CD        100         101.0        101              31
 Story2            RD         98         101.0        101              42
 Story3      Original        119         121.0        121              22
 Story3            CD        119         121.0        121              33
 Story3            RD        118         121.0        121              37
 Story4      Original         84          86.0         86              33
 Story4            CD         85          87.0         87              29
 Story4            RD         83          86.0         86              35
 Story5      Original         82          83.0         83              40
 Story5            CD         82          84.0         84              22
 Story5            RD         80          83.0         83              31
 Story6      Original         65          65.0         65              35
 Story6            CD         64          65.0         65              33
 Story6            RD         65          65.0         65              29
 Story7      Original         92          95.0         95              33
 Story7            CD         95          95.0         95              31
 Story7            RD         95          95.0         95              31
 Story8      Original        112         114.0        114              30
 Story8            CD        114         114.0        114              29
 Story8            RD        112         114.0        114              33
 Story9      Original        117         119.0        119              32
 Story9            CD        119         119.0        119              33
 Story9            RD        117         119.0        119              27
Story10      Original        100         103.0        103              30
Story10            CD        102         103.0        103              30
Story10            RD        101         103.0        103              33
Story11      Original        113         114.0        114              33
Story11            CD        112         114.0        114              38
Story11            RD        114         114.0        114              24
Story12      Original         73          73.0         73              33
Story12            CD         72          73.0         73              35
Story12            RD         70          73.0         73              26
Story13      Original         99         102.0        102              36
Story13            CD        101         102.0        102              26
Story13            RD        102         102.0        102              33
Story14      Original        113         116.0        116              33
Story14            CD        113         116.0        116              38
Story14            RD        114         116.0        116              23
Story15      Original         61          62.0         62              41
Story15            CD         61          62.0         62              25
Story15            RD         61          62.0         62              32
Story16      Original         88          89.0         89              27
Story16            CD         88          89.0         89              26
Story16            RD         86          89.0         89              42
Story17      Original         81          84.0         84              32
Story17            CD         83          84.0         84              28
Story17            RD         83          84.0         84              34
Story18      Original         93          95.0         95              25
Story18            CD         94          95.0         95              39
Story18            RD         94          95.0         95              30
Story19      Original        105         107.0        107              27
Story19            CD        106         107.0        107              40
Story19            RD        107         107.0        107              23
Story20      Original         82          83.0         83              36
Story20            CD         83          83.0         83              28
Story20            RD         81          83.0         83              31
Story21      Original         73          74.0         74              30
Story21            CD         72          74.0         74              35
Story21            RD         74          74.0         74              26

Total RTs: 186300
Replaced RTs: 588
Replacement proportion: 0.32%
Story_Version  Total_RTs  Replaced_RTs  Replacement_Percentage
     Original      61995           235                0.379063
           CD      62809           219                0.348676
           RD      61496           134                0.217900
      Overall     186300           588                0.315620

Participant-word data: (186300, 11)
Averaged word data: (5969, 10)
